// Jest Snapshot v1, https://goo.gl/fbAQLP

exports[`Test createCustomBlock should render as expected 1`] = `
"
        <mjml>
          <mj-head>

    <mj-html-attributes>
      <mj-html-attribute class=\\"anteros-email\\" multiple-attributes=\\"false\\" attribute-name=\\"text-color\\" text-color=\\"#000000\\"></mj-html-attribute>
<mj-html-attribute class=\\"anteros-email\\" multiple-attributes=\\"false\\" attribute-name=\\"font-family\\" font-family=\\"lucida Grande,Verdana,Microsoft YaHei\\"></mj-html-attribute>
<mj-html-attribute class=\\"anteros-email\\" multiple-attributes=\\"false\\" attribute-name=\\"font-size\\" font-size=\\"14px\\"></mj-html-attribute>
<mj-html-attribute class=\\"anteros-email\\" multiple-attributes=\\"false\\" attribute-name=\\"line-height\\" line-height=\\"1.7\\"></mj-html-attribute>
<mj-html-attribute class=\\"anteros-email\\" multiple-attributes=\\"false\\" attribute-name=\\"responsive\\" responsive=\\"true\\"></mj-html-attribute>

    </mj-html-attributes>




              <mj-breakpoint width=\\"480px\\" />
            <mj-attributes>

              <mj-all font-family=\\"lucida Grande,Verdana,Microsoft YaHei\\" />
              <mj-text font-size=\\"14px\\" />
              <mj-text color=\\"#000000\\" />
              <mj-text line-height=\\"1.7\\" />


            </mj-attributes>
          </mj-head>
          <mj-body background-color=\\"#efeeea\\" width=\\"600px\\" css-class=\\"mjml-body\\">

              <mj-section padding=\\"20px\\" background-repeat=\\"repeat\\" background-size=\\"auto\\" background-position=\\"top center\\" border=\\"none\\" direction=\\"ltr\\" text-align=\\"center\\">

              <mj-column padding=\\"0px 0px 0px 0px\\" border=\\"none\\" vertical-align=\\"top\\">
               <mj-image align=\\"center\\" height=\\"auto\\" padding=\\"0px 0px 0px 0px\\" src=\\"https://assets.maocanhua.cn/10dada65-c4fb-4b1f-837e-59a1005bbea6-image.png\\" width=\\"100px\\"></mj-image>

          <mj-button align=\\"center\\" background-color=\\"#4A90E2\\" color=\\"#ffffff\\" font-weight=\\"normal\\" border-radius=\\"3px\\" padding=\\"10px 25px 10px 25px\\" inner-padding=\\"10px 25px 10px 25px\\" line-height=\\"120%\\" target=\\"_blank\\" vertical-align=\\"middle\\" border=\\"none\\" text-align=\\"center\\" href=\\"#\\">
           Got it
          </mj-button>

              </mj-column>

              </mj-section>

          </mj-body>
        </mjml>
        "
`;
